addr	cmd			code	value

[0002]	JMP :Факториал_end	13  	0   
[0004]	PUSHR RGX 	20  	0   
[0006]	PUSHR RHX 	20  	0   
[0008]	POPR RGX  	21  	0   
[0010]	PUSHR RHX 	20  	0   
[0012]	PUSH 1    	1   	1   
[0013]	ADD       	6   
[0015]	POPR RHX  	21  	0   
[0017]	PUSHR RHX 	20  	0   
[0019]	PUSH 1    	1   	1   
[0020]	ADD       	6   
[0022]	POPR RHX  	21  	0   
[0024]	PUSHR RHX 	20  	0   
[0026]	PUSH 1    	1   	1   
[0027]	ADD       	6   
[0029]	POPR RHX  	21  	0   
[0031]	PUSH 1    	1   	1   
[0033]	PUSHR RGX 	20  	0   
[0035]	PUSH 1    	1   	1   
[0036]	ADD       	6   
[0038]	POPR RBX  	21  	0   
[0040]	POPM [RBX] 	23  	0   
[0042]	PUSH 1    	1   	1   
[0044]	PUSHR RGX 	20  	0   
[0046]	PUSH 2    	1   	2   
[0047]	ADD       	6   
[0049]	POPR RBX  	21  	0   
[0051]	POPM [RBX] 	23  	0   
[0053]	PUSHR RGX 	20  	0   
[0055]	PUSH 0    	1   	0   
[0056]	ADD       	6   
[0058]	POPR RBX  	21  	0   
[0060]	PUSHM [RBX] 	22  	0   
[0062]	PUSHR RGX 	20  	0   
[0064]	PUSH 2    	1   	2   
[0065]	ADD       	6   
[0067]	POPR RBX  	21  	0   
[0069]	PUSHM [RBX] 	22  	0   
[0070]	SUB       	7   
[0072]	PUSH 0    	1   	0   
[0074]	JE :while_end_0	18  	0   
[0076]	PUSHR RGX 	20  	0   
[0078]	PUSH 2    	1   	2   
[0079]	ADD       	6   
[0081]	POPR RBX  	21  	0   
[0083]	PUSHM [RBX] 	22  	0   
[0085]	PUSH 1    	1   	1   
[0086]	ADD       	6   
[0088]	PUSHR RGX 	20  	0   
[0090]	PUSH 2    	1   	2   
[0091]	ADD       	6   
[0093]	POPR RBX  	21  	0   
[0095]	POPM [RBX] 	23  	0   
[0097]	PUSHR RGX 	20  	0   
[0099]	PUSH 1    	1   	1   
[0100]	ADD       	6   
[0102]	POPR RBX  	21  	0   
[0104]	PUSHM [RBX] 	22  	0   
[0106]	PUSHR RGX 	20  	0   
[0108]	PUSH 2    	1   	2   
[0109]	ADD       	6   
[0111]	POPR RBX  	21  	0   
[0113]	PUSHM [RBX] 	22  	0   
[0114]	MUL       	8   
[0116]	PUSHR RGX 	20  	0   
[0118]	PUSH 1    	1   	1   
[0119]	ADD       	6   
[0121]	POPR RBX  	21  	0   
[0123]	POPM [RBX] 	23  	0   
[0125]	JMP :while_start_0	13  	0   
[0127]	PUSHR RGX 	20  	0   
[0129]	PUSH 1    	1   	1   
[0130]	ADD       	6   
[0132]	POPR RBX  	21  	0   
[0134]	PUSHM [RBX] 	22  	0   
[0136]	PUSHR RGX 	20  	0   
[0138]	POPR RHX  	21  	0   
[0140]	POPR RAX  	21  	0   
[0142]	POPR RGX  	21  	0   
[0143]	RET       	5   
[0145]	PUSHR RGX 	20  	0   
[0147]	POPR RHX  	21  	0   
[0149]	POPR RGX  	21  	0   
[0151]	PUSHR RHX 	20  	0   
[0153]	PUSH 1    	1   	1   
[0154]	ADD       	6   
[0156]	POPR RHX  	21  	0   
[0158]	PUSHR RHX 	20  	0   
[0160]	PUSH 1    	1   	1   
[0161]	ADD       	6   
[0163]	POPR RHX  	21  	0   
[0164]	IN        	3   
[0166]	PUSH 0    	1   	0   
[0168]	POPR RBX  	21  	0   
[0170]	POPM [RBX] 	23  	0   
[0172]	PUSH 0    	1   	0   
[0174]	POPR RBX  	21  	0   
[0176]	PUSHM [RBX] 	22  	0   
[0178]	POPM [RHX]	23  	0   
[0180]	CALL :Факториал	4   	0   
[0182]	PUSHR RAX 	20  	0   
[0184]	PUSH 1    	1   	1   
[0186]	POPR RBX  	21  	0   
[0188]	POPM [RBX] 	23  	0   
[0190]	PUSH 1    	1   	1   
[0192]	POPR RBX  	21  	0   
[0194]	PUSHM [RBX] 	22  	0   
[0195]	OUT       	2   
[0196]	HLT       	0   
