addr	cmd			code	value

[0002]	JMP :Факториал_end	13  	0   
[0004]	PUSHR RGX 	20  	0   
[0006]	PUSHR RHX 	20  	0   
[0008]	POPR RGX  	21  	0   
[0010]	PUSHR RHX 	20  	0   
[0012]	PUSH 1    	1   	1   
[0013]	ADD       	6   
[0015]	POPR RHX  	21  	0   
[0017]	PUSHR RGX 	20  	0   
[0019]	PUSH 0    	1   	0   
[0020]	ADD       	6   
[0022]	POPR RBX  	21  	0   
[0024]	PUSHM [RBX] 	22  	0   
[0026]	PUSH 1    	1   	1   
[0027]	SUB       	7   
[0029]	PUSH 0    	1   	0   
[0031]	JE :endif_0	18  	0   
[0033]	PUSHR RGX 	20  	0   
[0035]	PUSH 0    	1   	0   
[0036]	ADD       	6   
[0038]	POPR RBX  	21  	0   
[0040]	PUSHM [RBX] 	22  	0   
[0042]	PUSH 1    	1   	1   
[0043]	SUB       	7   
[0045]	POPM [RHX]	23  	0   
[0047]	CALL :Факториал	4   	0   
[0049]	PUSHR RAX 	20  	0   
[0051]	PUSHR RGX 	20  	0   
[0053]	PUSH 0    	1   	0   
[0054]	ADD       	6   
[0056]	POPR RBX  	21  	0   
[0058]	PUSHM [RBX] 	22  	0   
[0059]	MUL       	8   
[0061]	PUSHR RGX 	20  	0   
[0063]	POPR RHX  	21  	0   
[0065]	POPR RAX  	21  	0   
[0067]	POPR RGX  	21  	0   
[0068]	RET       	5   
[0070]	PUSH 1    	1   	1   
[0072]	PUSHR RGX 	20  	0   
[0074]	POPR RHX  	21  	0   
[0076]	POPR RAX  	21  	0   
[0078]	POPR RGX  	21  	0   
[0079]	RET       	5   
[0081]	PUSHR RGX 	20  	0   
[0083]	POPR RHX  	21  	0   
[0085]	POPR RGX  	21  	0   
[0087]	PUSH 3    	1   	3   
[0089]	POPM [RHX]	23  	0   
[0091]	CALL :Факториал	4   	0   
[0093]	PUSHR RAX 	20  	0   
[0094]	OUT       	2   
[0095]	HLT       	0   
