addr	cmd			code	value

[0002]	JMP :Факториал_end	13  	0   
[0004]	PUSHR RGX 	20  	0   
[0006]	PUSHR RHX 	20  	0   
[0008]	POPR RGX  	21  	0   
[0010]	PUSHR RHX 	20  	0   
[0012]	PUSH 1    	1   	1   
[0013]	ADD       	6   
[0015]	POPR RHX  	21  	0   
[0017]	PUSHR RGX 	20  	0   
[0019]	PUSH 0    	1   	0   
[0020]	ADD       	6   
[0022]	POPR RBX  	21  	0   
[0024]	PUSHM [RBX] 	22  	0   
[0026]	PUSH 1    	1   	1   
[0028]	JBE :endif_0	15  	0   
[0030]	PUSHR RGX 	20  	0   
[0032]	PUSH 0    	1   	0   
[0033]	ADD       	6   
[0035]	POPR RBX  	21  	0   
[0037]	PUSHM [RBX] 	22  	0   
[0039]	PUSH 1    	1   	1   
[0040]	SUB       	7   
[0042]	POPM [RHX]	23  	0   
[0044]	CALL :Факториал	4   	0   
[0046]	PUSHR RAX 	20  	0   
[0048]	PUSHR RGX 	20  	0   
[0050]	PUSH 0    	1   	0   
[0051]	ADD       	6   
[0053]	POPR RBX  	21  	0   
[0055]	PUSHM [RBX] 	22  	0   
[0056]	MUL       	8   
[0058]	PUSHR RGX 	20  	0   
[0060]	POPR RHX  	21  	0   
[0062]	POPR RAX  	21  	0   
[0064]	POPR RGX  	21  	0   
[0065]	RET       	5   
[0067]	PUSH 1    	1   	1   
[0069]	PUSHR RGX 	20  	0   
[0071]	POPR RHX  	21  	0   
[0073]	POPR RAX  	21  	0   
[0075]	POPR RGX  	21  	0   
[0076]	RET       	5   
[0078]	PUSHR RGX 	20  	0   
[0080]	POPR RHX  	21  	0   
[0082]	POPR RGX  	21  	0   
[0084]	PUSHR RHX 	20  	0   
[0086]	PUSH 1    	1   	1   
[0087]	ADD       	6   
[0089]	POPR RHX  	21  	0   
[0090]	IN        	3   
[0092]	PUSH 0    	1   	0   
[0094]	POPR RBX  	21  	0   
[0096]	POPM [RBX] 	23  	0   
[0098]	PUSH 0    	1   	0   
[0100]	POPR RBX  	21  	0   
[0102]	PUSHM [RBX] 	22  	0   
[0104]	POPM [RHX]	23  	0   
[0106]	CALL :Факториал	4   	0   
[0108]	PUSHR RAX 	20  	0   
[0109]	OUT       	2   
[0110]	HLT       	0   
